// Jest Snapshot v1, https://goo.gl/fbAQLP

exports[`<CartList> отображается корректно с верным количеством элементов 1`] = `
<ul
  class="CartList-sc-hb6owy-0 jBTWLT"
>
  <li
    class="CartListItem-sc-hb6owy-1 bUxpHq"
  >
    <div
      class="ItemBody-sc-hb6owy-2 bCXgRP"
    >
      <div
        class="ImagePlaceholder-sc-hb6owy-4 dmvjGy"
      >
        <div
          class="ImagePlaceholder-sc-1lq6aod-0"
        >
          <div
            class="Placeholder-sc-1lq6aod-1 eizUTG"
          >
            <svg
              class="pizza-placeholder-image"
            >
              pizza-placeholder.svg
            </svg>
          </div>
          <div
            class="Content-sc-1lq6aod-2 iLQvsD"
          >
            <picture
              class="Picture-sc-hb6owy-3 lfkRa-D"
            >
              <source
                srcset=""
                type="image/webp"
              />
              <img
                alt=""
                class="CartListImage-sc-hb6owy-5 iHzSkv"
                src=""
              />
            </picture>
          </div>
        </div>
      </div>
      <div
        class="ItemInfo-sc-hb6owy-6 gdDXea"
      >
        <span
          class="ItemName-sc-hb6owy-7 fZhgMN"
        >
          Мясное барбекю
        </span>
        <p
          class="ItemShortDescription-sc-hb6owy-8 eYepFn"
        >
          Традиционное тесто, 35 см, колбасный борт
        </p>
        <p
          class="ItemFullDescription-sc-hb6owy-9 bllVyv"
        >
          Мясная пицца с пикантной пепперони, альпийскими колбасками, Моцареллой, луком и соусом Барбекю
        </p>
      </div>
      <button
        class="Button-sc-1fut0te-0 jOZQxY DeleteButton-sc-hb6owy-10 elyAfU"
        type="button"
      >
        <span
          class="Text-sc-1fut0te-1"
        >
          Удалить пиццу из корзины
        </span>
        <svg
          class="cart-list-item-cross"
        >
          cross.svg
        </svg>
      </button>
    </div>
    <div
      class="ItemSummaryPrice-sc-hb6owy-11 czNIxm"
    >
      <div
        class="Counter-sc-9bdt3x-0 fPNYnq"
      >
        <button
          class="Button-sc-1fut0te-0 DIwKh"
          type="button"
        >
          <span
            class="Text-sc-1fut0te-1"
          >
            Отнять пиццу
          </span>
          <svg>
            minus.svg
          </svg>
        </button>
        <span
          class="Value-sc-9bdt3x-1 jOvzOn"
        >
          2
        </span>
        <button
          class="Button-sc-1fut0te-0 DIwKh"
          type="button"
        >
          <span
            class="Text-sc-1fut0te-1"
          >
            Добавить пиццу
          </span>
          <svg>
            plus.svg
          </svg>
        </button>
      </div>
      <span
        class="ItemPrice-sc-hb6owy-12 iQvgly"
      >
        1 168 ₽
      </span>
    </div>
  </li>
  <li
    class="CartListItem-sc-hb6owy-1 bUxpHq"
  >
    <div
      class="ItemBody-sc-hb6owy-2 bCXgRP"
    >
      <div
        class="ImagePlaceholder-sc-hb6owy-4 dmvjGy"
      >
        <div
          class="ImagePlaceholder-sc-1lq6aod-0"
        >
          <div
            class="Placeholder-sc-1lq6aod-1 eizUTG"
          >
            <svg
              class="pizza-placeholder-image"
            >
              pizza-placeholder.svg
            </svg>
          </div>
          <div
            class="Content-sc-1lq6aod-2 iLQvsD"
          >
            <picture
              class="Picture-sc-hb6owy-3 lfkRa-D"
            >
              <source
                srcset=""
                type="image/webp"
              />
              <img
                alt=""
                class="CartListImage-sc-hb6owy-5 iHzSkv"
                src=""
              />
            </picture>
          </div>
        </div>
      </div>
      <div
        class="ItemInfo-sc-hb6owy-6 gdDXea"
      >
        <span
          class="ItemName-sc-hb6owy-7 fZhgMN"
        >
          Маленькая италия
        </span>
        <p
          class="ItemShortDescription-sc-hb6owy-8 eYepFn"
        >
          Тонкое тесто, 23 см
        </p>
        <p
          class="ItemFullDescription-sc-hb6owy-9 bllVyv"
        >
          Сыр моцарелла, пикантная пепперони, ароматная свинина, орегано, шампиньоны, черные оливки с фирменным томатным соусом
        </p>
      </div>
      <button
        class="Button-sc-1fut0te-0 jOZQxY DeleteButton-sc-hb6owy-10 elyAfU"
        type="button"
      >
        <span
          class="Text-sc-1fut0te-1"
        >
          Удалить пиццу из корзины
        </span>
        <svg
          class="cart-list-item-cross"
        >
          cross.svg
        </svg>
      </button>
    </div>
    <div
      class="ItemSummaryPrice-sc-hb6owy-11 czNIxm"
    >
      <div
        class="Counter-sc-9bdt3x-0 fPNYnq"
      >
        <button
          class="Button-sc-1fut0te-0 DIwKh"
          type="button"
        >
          <span
            class="Text-sc-1fut0te-1"
          >
            Отнять пиццу
          </span>
          <svg>
            minus.svg
          </svg>
        </button>
        <span
          class="Value-sc-9bdt3x-1 jOvzOn"
        >
          1
        </span>
        <button
          class="Button-sc-1fut0te-0 DIwKh"
          type="button"
        >
          <span
            class="Text-sc-1fut0te-1"
          >
            Добавить пиццу
          </span>
          <svg>
            plus.svg
          </svg>
        </button>
      </div>
      <span
        class="ItemPrice-sc-hb6owy-12 iQvgly"
      >
        639 ₽
      </span>
    </div>
  </li>
  <li
    class="CartListItem-sc-hb6owy-1 bUxpHq"
  >
    <div
      class="ItemBody-sc-hb6owy-2 bCXgRP"
    >
      <div
        class="ImagePlaceholder-sc-hb6owy-4 dmvjGy"
      >
        <div
          class="ImagePlaceholder-sc-1lq6aod-0"
        >
          <div
            class="Placeholder-sc-1lq6aod-1 eizUTG"
          >
            <svg
              class="pizza-placeholder-image"
            >
              pizza-placeholder.svg
            </svg>
          </div>
          <div
            class="Content-sc-1lq6aod-2 iLQvsD"
          >
            <picture
              class="Picture-sc-hb6owy-3 lfkRa-D"
            >
              <source
                srcset=""
                type="image/webp"
              />
              <img
                alt=""
                class="CartListImage-sc-hb6owy-5 iHzSkv"
                src=""
              />
            </picture>
          </div>
        </div>
      </div>
      <div
        class="ItemInfo-sc-hb6owy-6 gdDXea"
      >
        <span
          class="ItemName-sc-hb6owy-7 fZhgMN"
        >
          Веганская с овощами
        </span>
        <p
          class="ItemShortDescription-sc-hb6owy-8 eYepFn"
        >
          Традиционное тесто, 30 см
        </p>
        <p
          class="ItemFullDescription-sc-hb6owy-9 bllVyv"
        >
          Фирменный томатный соус, веганская Моцарелла, сладкий зелёный перец, шампиньоны, маслины, лук и сочные томаты
        </p>
      </div>
      <button
        class="Button-sc-1fut0te-0 jOZQxY DeleteButton-sc-hb6owy-10 elyAfU"
        type="button"
      >
        <span
          class="Text-sc-1fut0te-1"
        >
          Удалить пиццу из корзины
        </span>
        <svg
          class="cart-list-item-cross"
        >
          cross.svg
        </svg>
      </button>
    </div>
    <div
      class="ItemSummaryPrice-sc-hb6owy-11 czNIxm"
    >
      <div
        class="Counter-sc-9bdt3x-0 fPNYnq"
      >
        <button
          class="Button-sc-1fut0te-0 DIwKh"
          type="button"
        >
          <span
            class="Text-sc-1fut0te-1"
          >
            Отнять пиццу
          </span>
          <svg>
            minus.svg
          </svg>
        </button>
        <span
          class="Value-sc-9bdt3x-1 jOvzOn"
        >
          1
        </span>
        <button
          class="Button-sc-1fut0te-0 DIwKh"
          type="button"
        >
          <span
            class="Text-sc-1fut0te-1"
          >
            Добавить пиццу
          </span>
          <svg>
            plus.svg
          </svg>
        </button>
      </div>
      <span
        class="ItemPrice-sc-hb6owy-12 iQvgly"
      >
        799 ₽
      </span>
    </div>
  </li>
</ul>
`;
